// Jest Snapshot v1, https://goo.gl/fbAQLP

exports[`<Profile> Page should render 1`] = `
<div>
  <div
    class="row"
    style="padding: 0px; margin: 10% 0%;"
  >
    <div
      class="shadow-lg col-xl-6 col-lg-6 col-md-12 col-sm-12 offset-xl-3 offset-lg-3"
      style="background-color: rgb(246, 246, 246); border: 1px solid #ebebeb; border-radius: 20px; padding: 10px 20px;"
    >
      <div
        class="row"
      >
        <div
          class="col-xl-2 col-lg-2 col-md-2 col-sm-12"
        >
          <div
            style="position: relative;"
          >
            <img
              alt="profile_photo"
              class="circular_square"
              src="data:image/jpeg;base64,/9j/4AAQSkZJRgABAQEBLAEsAAD/4QBWRXhpZgAATU0AKgAAAAgABAEaAAUAAAABAAAAPgEbAAUAAAABAAAARgEoAAMAAAABAAIAAAITAAMAAAABAAEAAAAAAAAAAAEsAAAAAQAAASwAAAAB/+0ALFBob3Rvc2hvcCAzLjAAOEJJTQQEAAAAAAAPHAFaAAMbJUccAQAAAgAEAP/hDIFodHRwOi8vbnMuYWRvYmUuY29tL3hhcC8xLjAvADw/eHBhY2tldCBiZWdpbj0n77u/JyBpZD0nVzVNME1wQ2VoaUh6cmVTek5UY3prYzlkJz8+Cjx4OnhtcG1ldGEgeG1sbnM6eD0nYWRvYmU6bnM6bWV0YS8nIHg6eG1wdGs9J0ltYWdlOjpFeGlmVG9vbCAxMC4xMCc+CjxyZGY6UkRGIHhtbG5zOnJkZj0naHR0cDovL3d3dy53My5vcmcvMTk5OS8wMi8yMi1yZGYtc3ludGF4LW5zIyc+CgogPHJkZjpEZXNjcmlwdGlvbiByZGY6YWJvdXQ9JycKICB4bWxuczp0aWZmPSdodHRwOi8vbnMuYWRvYmUuY29tL3RpZmYvMS4wLyc+CiAgPHRpZmY6UmVzb2x1dGlvblVuaXQ+MjwvdGlmZjpSZXNvbHV0aW9uVW5pdD4KICA8dGlmZjpYUmVzb2x1dGlvbj4zMDAvMTwvdGlmZjpYUmVzb2x1dGlvbj4KICA8dGlmZjpZUmVzb2x1dGlvbj4zMDAvMTwvdGlmZjpZUmVzb2x1dGlvbj4KIDwvcmRmOkRlc2NyaXB0aW9uPgoKIDxyZGY6RGVzY3JpcHRpb24gcmRmOmFib3V0PScnCiAgeG1sbnM6eG1wTU09J2h0dHA6Ly9ucy5hZG9iZS5jb20veGFwLzEuMC9tbS8nPgogIDx4bXBNTTpEb2N1bWVudElEPmFkb2JlOmRvY2lkOnN0b2NrOjMyOTBjNTNjLWI1NmEtNGU0OC05YzIwLTRmNzYzZDU4N2Q3MjwveG1wTU06RG9jdW1lbnRJRD4KICA8eG1wTU06SW5zdGFuY2VJRD54bXAuaWlkOmNlMDA3MDk5LWVkYjYtNGRkYi1hNTFmLTY2NzMzZDM0MWQwZDwveG1wTU06SW5zdGFuY2VJRD4KIDwvcmRmOkRlc2NyaXB0aW9uPgo8L3JkZjpSREY+CjwveDp4bXBtZXRhPgogICAgICAgICAgICAgICAgICAgICAgICAgICAgICAgICAgICAgICAgICAgICAgICAgICAgICAgICAgICAgICAgICAgICAgICAgICAgICAgICAgICAgICAgICAgICAgICAgICAgCiAgICAgICAgICAgICAgICAgICAgICAgICAgICAgICAgICAgICAgICAgICAgICAgICAgICAgICAgICAgICAgICAgICAgICAgICAgICAgICAgICAgICAgICAgICAgICAgICAgICAKICAgICAgICAgICAgICAgICAgICAgICAgICAgICAgICAgICAgICAgICAgICAgICAgICAgICAgICAgICAgICAgICAgICAgICAgICAgICAgICAgICAgICAgICAgICAgICAgICAgIAogICAgICAgICAgICAgICAgICAgICAgICAgICAgICAgICAgICAgICAgICAgICAgICAgICAgICAgICAgICAgICAgICAgICAgICAgICAgICAgICAgICAgICAgICAgICAgICAgICAgCiAgICAgICAgICAgICAgICAgICAgICAgICAgICAgICAgICAgICAgICAgICAgICAgICAgICAgICAgICAgICAgICAgICAgICAgICAgICAgICAgICAgICAgICAgICAgICAgICAgICAKICAgICAgICAgICAgICAgICAgICAgICAgICAgICAgICAgICAgICAgICAgICAgICAgICAgICAgICAgICAgICAgICAgICAgICAgICAgICAgICAgICAgICAgICAgICAgICAgICAgIAogICAgICAgICAgICAgICAgICAgICAgICAgICAgICAgICAgICAgICAgICAgICAgICAgICAgICAgICAgICAgICAgICAgICAgICAgICAgICAgICAgICAgICAgICAgICAgICAgICAgCiAgICAgICAgICAgICAgICAgICAgICAgICAgICAgICAgICAgICAgICAgICAgICAgICAgICAgICAgICAgICAgICAgICAgICAgICAgICAgICAgICAgICAgICAgICAgICAgICAgICAKICAgICAgICAgICAgICAgICAgICAgICAgICAgICAgICAgICAgICAgICAgICAgICAgICAgICAgICAgICAgICAgICAgICAgICAgICAgICAgICAgICAgICAgICAgICAgICAgICAgIAogICAgICAgICAgICAgICAgICAgICAgICAgICAgICAgICAgICAgICAgICAgICAgICAgICAgICAgICAgICAgICAgICAgICAgICAgICAgICAgICAgICAgICAgICAgICAgICAgICAgCiAgICAgICAgICAgICAgICAgICAgICAgICAgICAgICAgICAgICAgICAgICAgICAgICAgICAgICAgICAgICAgICAgICAgICAgICAgICAgICAgICAgICAgICAgICAgICAgICAgICAKICAgICAgICAgICAgICAgICAgICAgICAgICAgICAgICAgICAgICAgICAgICAgICAgICAgICAgICAgICAgICAgICAgICAgICAgICAgICAgICAgICAgICAgICAgICAgICAgICAgIAogICAgICAgICAgICAgICAgICAgICAgICAgICAgICAgICAgICAgICAgICAgICAgICAgICAgICAgICAgICAgICAgICAgICAgICAgICAgICAgICAgICAgICAgICAgICAgICAgICAgCiAgICAgICAgICAgICAgICAgICAgICAgICAgICAgICAgICAgICAgICAgICAgICAgICAgICAgICAgICAgICAgICAgICAgICAgICAgICAgICAgICAgICAgICAgICAgICAgICAgICAKICAgICAgICAgICAgICAgICAgICAgICAgICAgICAgICAgICAgICAgICAgICAgICAgICAgICAgICAgICAgICAgICAgICAgICAgICAgICAgICAgICAgICAgICAgICAgICAgICAgIAogICAgICAgICAgICAgICAgICAgICAgICAgICAgICAgICAgICAgICAgICAgICAgICAgICAgICAgICAgICAgICAgICAgICAgICAgICAgICAgICAgICAgICAgICAgICAgICAgICAgCiAgICAgICAgICAgICAgICAgICAgICAgICAgICAgICAgICAgICAgICAgICAgICAgICAgICAgICAgICAgICAgICAgICAgICAgICAgICAgICAgICAgICAgICAgICAgICAgICAgICAKICAgICAgICAgICAgICAgICAgICAgICAgICAgICAgICAgICAgICAgICAgICAgICAgICAgICAgICAgICAgICAgICAgICAgICAgICAgICAgICAgICAgICAgICAgICAgICAgICAgIAogICAgICAgICAgICAgICAgICAgICAgICAgICAgICAgICAgICAgICAgICAgICAgICAgICAgICAgICAgICAgICAgICAgICAgICAgICAgICAgICAgICAgICAgICAgICAgICAgICAgCiAgICAgICAgICAgICAgICAgICAgICAgICAgICAgICAgICAgICAgICAgICAgICAgICAgICAgICAgICAgICAgICAgICAgICAgICAgICAgICAgICAgICAgICAgICAgICAgICAgICAKICAgICAgICAgICAgICAgICAgICAgICAgICAgICAgICAgICAgICAgICAgICAgICAgICAgICAgICAgICAgICAgICAgICAgICAgICAgICAgICAgICAgICAgICAgICAgICAgICAgIAogICAgICAgICAgICAgICAgICAgICAgICAgICAgICAgICAgICAgICAgICAgICAgICAgICAgICAgICAgICAgICAgICAgICAgICAgICAgICAgICAgICAgICAgICAgICAgICAgICAgCiAgICAgICAgICAgICAgICAgICAgICAgICAgICAgICAgICAgICAgICAgICAgICAgICAgICAgICAgICAgICAgICAgICAgICAgICAgICAgICAgICAgICAgICAgICAgICAgICAgICAKICAgICAgICAgICAgICAgICAgICAgICAgICAgICAgICAgICAgICAgICAgICAgICAgICAgICAgICAgICAgICAgICAgICAgICAgICAgICAgICAgICAgICAgICAgICAgICAgICAgIAo8P3hwYWNrZXQgZW5kPSd3Jz8+/9sAQwADAgIDAgIDAwMDBAMDBAUIBQUEBAUKBwcGCAwKDAwLCgsLDQ4SEA0OEQ4LCxAWEBETFBUVFQwPFxgWFBgSFBUU/8AACwgA8ADwAQERAP/EABwAAQACAwEBAQAAAAAAAAAAAAAHCAEFBgIEA//EADkQAAEDAgIFCAkEAwEAAAAAAAABAgMEBQYRByExQVESFDZxdIGRshMiJENicqGxwRYjYdEyU4Iz/9oACAEBAAA/ALNgAAAAAAAAAAAAAAAAAAAAAAAAAAAAAAAAAAAAAAAAAAAAAAAAAAAAAAAAAAAAAAAAAAAAAAAAAAAAAAAAAy1jn/4tV3UmYcxzP8mq3rTIwAAAAAAAAAAAAeoonzyNjjY6SRy5Na1M1Vf4QkfC+hauuLWT3aXmEK6/QtTOVU/nc0km06N8PWdrfR26OaRPeVH7jl8dR0EVHTwN5McEcacGMRBLR087eTLBHIi7nsRTn7to3w9eGu9Jbo4ZF95T/tuTw1EbYo0LV1ua+e0y8/hTWsLkylTq3OI4lifBI6ORjo5Grk5rkyVF/lDyAAAAAAAAAAfvQUFRdKyKlpYnTVEruSxjd6lgMB6OqTCVO2eZG1NzcnrzKmaM/hvDr3nYgAA47HmjqkxbTunhRtNc2p6kyJkj/wCHcevcV/r6CotdZLS1UToaiJ3Jex25T8AAAAAAAAAATlohwW20Wxt2qo/bapucaOTXHHu712+BIwAAAI50vYLbd7Y67UsfttK3ORGprkj396bfEg0AAAAAAAAA3mCrF+o8T0NE5M4nP5cvyN1r/XeWaY1GNRrURrUTJETch6AAAB5e1HtVrkRzVTJUXehWXGti/TmJ66iamUTX8uL5Ha0/ruNGAAAAAAAACUNBFAkt2uVYqZrFE2Nq8Fcua+UmgAAAAEL6d6BIrtbaxEyWWJ0bl4q1c08xF4AAAAAAAAJi0C5czvHH0kf2UlYAAAAEU6esuZ2fj6ST7IQ6AAAAAAAACUtA9ckdyulIq5LJE2RqceSuS+YmYAAAAEM6eK5JLla6RFzWOJ0jk4cpck8pFoAAAAAAAAOgwHfUw7iqhq3u5MKu9HL8rtS+G3uLLoqORFRc0XeZAAABhVRqKqrkibytGPL6mIsVV1Wx3KhR3o4vlbqTx295z4AAAAAAAABPWibGTb9Z22+ok9vo2o3WuuSPcvdsU74AAAHA6WcZNsNndb6eT2+sardS644969+xCBQAAAAAAAAAfXarrU2S4Q1tHIsVREubXJ9l4opYXBOPKLGFGiNVsFexP3aZV19beKHUAAA5fG2PKLB9GqOVs9e9P2qZF19buCFertdam93CatrJFlqJVzc5fsnBEPkAAAAAAAAAAP1pauahqGT08r4ZmLm2Ri5Kiko4X03SQMZBe4FmRNXOoE9b/pu/uJItOM7Je2otJcYHuX3bncl/gus3KORyZoqKnFArkamaqiJxU012xnZLI1Vq7jAxye7a7lP8E1kb4o03STsfBZIFhRdXOp09b/lu7vIuqquauqHz1Er5pnrm6R65qqn5AAAAAAAAAAAAH0Q3Orp0yiq5404MkVPyJrnV1CZS1c8icHyqv5PnAAAAAAAAAAAMtar3I1qK5y6kREzVTq7JovxBe0a9tHzSFfeVS8j6bfodrbNBEDUR1wub5F3sp2I1PFc/sdLRaI8M0mXKon1Kpvmlcv0TJDbQYIsFNl6Oz0aZcYkX7n1tw7amJ6tso06oG/0HYdtT09a2Ua9cDf6PknwRYKn/ANLPRr1RIn2NTW6I8M1efJon0yrvhlcn0XNDmrnoIgciut9zfGu5lQxHJ4pl9jir3ovxBZEc91HzuFPeUq8v6bfoco5qscrXIrXJqVFTJUMAAAAAAAAHYYM0Z3HFfJnf7Fb/APe9Nb/lTf17CZ8N4Fs+F2N5pStfPlrqJfWkXv3dx0IAAAAOexJgWz4oY7ndK1k+Wqoi9WRO/f3kMYz0Z3HCnKnZ7bb/APexNbPmTd17DjwAAAAAACTdGGjNLskd2usfseecFO73vxL8P3JpYxsbGtY1GtamSNRMkRD0AAAAADy9jZGOa9qOa5MlaqZoqELaTtGaWlJLtao/Y8856dvuviT4fsRkAAAAAAdPo7wp+rMQxwyIvM4U9LOvFu5vev5LHxxthjbGxqMY1Ea1rUyRE4HoAAAAAAHmSNs0bo3tR7HIrXNcmaKnArhpEwp+k8QyQxovM5k9LAvBu9vcv4OYAAAAABPOhezNoMKLWK3KWtkV+fwpqT8r3nfgAAAAAAA4DTRZm1+FErEbnLRSI/P4V1L+F7iBgAAAAAWdwRClPhCzsbqTmrF8Uz/JuwAAAAAAAaTG0KVGELwx2tOavXwTP8FYgAAAADC7C0WEei1o7LF5UNuAAAAAAADUYu6LXfssvlUq6mwyAAAADC7C0WEei1o7LF5UNuAAAAAAADUYu6LXfssvlUq6mwyAAAADC7C0WEei1o7LF5UNuAAAAAAADUYu6LXfssvlUq6mwyAAAADC7C0WEei1o7LF5UNuAAAAAAADUYu6LXfssvlUq6mwyAAAADC7C0WEei1o7LF5UNuAAAAAAADUYu6LXfssvlUq6mwyAAAADC7C0WEei1o7LF5UNuAAAAAAADUYu6LXfssvlUq6mwyAAf/Z"
            />
            <div
              class="profile_picture_upload"
            >
              <label
                for="profile_picture"
              >
                <svg
                  aria-hidden="true"
                  class="svg-inline--fa fa-camera profile_picture_change"
                  color="gray"
                  data-icon="camera"
                  data-prefix="fas"
                  focusable="false"
                  role="img"
                  viewBox="0 0 512 512"
                  xmlns="http://www.w3.org/2000/svg"
                >
                  <path
                    d="M194.6 32H317.4C338.1 32 356.4 45.22 362.9 64.82L373.3 96H448C483.3 96 512 124.7 512 160V416C512 451.3 483.3 480 448 480H64C28.65 480 0 451.3 0 416V160C0 124.7 28.65 96 64 96H138.7L149.1 64.82C155.6 45.22 173.9 32 194.6 32H194.6zM256 384C309 384 352 341 352 288C352 234.1 309 192 256 192C202.1 192 160 234.1 160 288C160 341 202.1 384 256 384z"
                    fill="currentColor"
                  />
                </svg>
              </label>
              <input
                data-testid="upload-input"
                id="profile_picture"
                type="file"
              />
            </div>
          </div>
        </div>
        <div
          class="col-xl-2 col-lg-2 col-md-2 col-sm-12"
        >
          <p
            style="text-align: left; color: rgb(42, 76, 191); font-size: 20px; margin: 8px 0px 0px 10px;"
          >
            @
            test1
          </p>
          <p
            style="cursor: pointer; text-align: left; font-size: 18px; margin: 2px 5px 0px 15px; font-weight: bold; color: rgb(22, 43, 113);"
          >
             Logout
          </p>
        </div>
      </div>
      <div
        class="row"
        style="padding: 0px; margin: 0px 0px 20px 0px;"
      >
        <div
          class="col-xl-12 col-lg-12 col-md-12 col-sm-12"
          style="margin-bottom: 10px;"
        >
          <p
            style="text-align: left; padding-left: 10px; color: black; font-weight: normal; font-size: 18px;"
          >
            Edit Details
          </p>
        </div>
        <div
          class="col-xl-12 col-lg-12 col-md-12 col-sm-12"
        >
          <form
            class=""
            novalidate=""
          >
            <div
              class="row"
              style="margin: 0px; padding: 0px;"
            >
              <div
                class="col-xl-4 col-lg-4 col-md-4 col-sm-4"
              >
                <div
                  class="mb-3"
                >
                  <input
                    class="form-control"
                    id="first_name"
                    name="first_name"
                    placeholder="First name"
                    required=""
                    type="text"
                    value="test"
                  />
                  <div
                    class="invalid-feedback"
                  >
                    Please provide a valid firstname
                  </div>
                </div>
              </div>
              <div
                class="col-xl-4 col-lg-4 col-md-4 col-sm-4"
              >
                <div
                  class="mb-3"
                >
                  <input
                    class="form-control"
                    id="last_name"
                    name="last_name"
                    placeholder="Last name"
                    required=""
                    type="text"
                    value="test"
                  />
                  <div
                    class="invalid-feedback"
                  >
                    Please provide a valid lastname
                  </div>
                </div>
              </div>
            </div>
            <div
              class="row"
              style="margin: 0px; padding: 0px;"
            >
              <div
                class="col-xl-8 col-lg-8 col-md-8 col-sm-8"
              >
                <div
                  class="mb-3"
                >
                  <input
                    class="form-control"
                    id="email"
                    name="email"
                    pattern="[\\\\w\\\\.]+@([\\\\w]+\\\\.)+[\\\\w]{2,4}$"
                    placeholder="Enter your email"
                    required=""
                    type="email"
                    value="test1@test.com"
                  />
                  <div
                    class="invalid-feedback"
                  >
                    Please provide a valid email id
                  </div>
                </div>
              </div>
            </div>
            <div
              class="row"
              style="margin: 0px; padding: 0px;"
            >
              <div
                class="col-xl-8 col-lg-8 col-md-8 col-sm-8"
              >
                <div
                  class="mb-3"
                >
                  <input
                    class="form-control"
                    disabled=""
                    id="username"
                    name="username"
                    placeholder="Enter username"
                    type="text"
                    value="test1"
                  />
                </div>
              </div>
            </div>
            
            <div
              class="row"
            >
              <div
                class="col-xl-4 col-lg-4"
              >
                <button
                  class="customButton btn btn-primary btn-md"
                  type="submit"
                >
                  Save
                </button>
              </div>
              <div
                class="col-xl-4 col-lg-4"
              >
                <button
                  class="customButtonChangePassword btn btn-primary btn-md"
                  type="button"
                >
                  Back to Home
                </button>
              </div>
            </div>
          </form>
        </div>
      </div>
    </div>
  </div>
</div>
`;
